python : 2026-04-06 11:16:54,139 - [OK] Tesseract 版本: 5.4.0.20240606
所在位置 行:1 字符: 179
+ ... "D:\新建文件夹"; python test_actual_usage.py > test_output.txt 2>&1; type  ...
+                 ~~~~~~~~~~~~~~~~~~~~~~~~~~~~~~~~~~~~~~~~~~~~~~~~~~
    + CategoryInfo          : NotSpecified: (2026-04-06 11:1... 5.4.0.20240606:String) [], RemoteException
    + FullyQualifiedErrorId : NativeCommandError
 

############################################################
#               图片知识库整理工具                #
#               实际使用测试                     #
############################################################

============================================================
[测试1] OCR识别功能
============================================================
  测试图片: Camera_1040g3k831h5q9u9gjsjg4bd5m9ptkclmm1npbd0.jpg
  使用引擎: 本地 Tesseract
  ✓ 识别成功!
    字符数: 596
    内容预览: Zl
|
ee “ae ere
— Whey mag er
are Tit) th | a
iain cp =n
A SS :
ae A “ES aaa
Oe ...

============================================================
[测试2] 分类功能
============================================================
  ✓ 分类成功!
    找到 1 个匹配分类:
    1. 综合知识 (置信度: 30%)

============================================================
[测试3] Word文档生成
============================================================
  ✓ 文档生成成功!
    保存位置: output\test_document.docx

============================================================
[测试4] 进度条组件
============================================================


[████░░░░░░░░░░░░░░░░░░░░░░░░░░░░░░░░░░░░] 测试进度 | 10% | 已处理: 1/10 | 当前: test_image_1.jpg | 预计剩余: 0秒
                                                                                                   
[████████░░░░░░░░░░░░░░░░░░░░░░░░░░░░░░░░] 测试进度 | 20% | 已处理: 2/10 | 当前: test_image_2.jpg | 预计剩余: 0秒
                                                                                                   
[████████████░░░░░░░░░░░░░░░░░░░░░░░░░░░░] 测试进度 | 30% | 已处理: 3/10 | 当前: test_image_3.jpg | 预计剩余: 0秒
                                                                                                   
[████████████████░░░░░░░░░░░░░░░░░░░░░░░░] 测试进度 | 40% | 已处理: 4/10 | 当前: test_image_4.jpg | 预计剩余: 0秒
                                                                                                   
[████████████████████░░░░░░░░░░░░░░░░░░░░] 测试进度 | 50% | 已处理: 5/10 | 当前: test_image_5.jpg | 预计剩余: 0秒
                                                                                                   
[████████████████████████░░░░░░░░░░░░░░░░] 测试进度 | 60% | 已处理: 6/10 | 当前: test_image_6.jpg | 预计剩余: 0秒
                                                                                                   
[████████████████████████████░░░░░░░░░░░░] 测试进度 | 70% | 已处理: 7/10 | 当前: test_image_7.jpg | 预计剩余: 0秒
                                                                                                   
[████████████████████████████████░░░░░░░░] 测试进度 | 80% | 已处理: 8/10 | 当前: test_image_8.jpg | 预计剩余: 0秒
                                                                                                   
[████████████████████████████████████░░░░] 测试进度 | 90% | 已处理: 9/10 | 当前: test_image_9.jpg | 预计剩余: 0秒
                                                                                                   
[████████████████████████████████████████] 测试进度 | 100% | 已处理: 10/10 | 当前: test_image_10.jpg | 预计剩余: 0秒
                                                                                                      
[████████████████████████████████████████] 测试进度 | 100% | 已处理: 10/10 | 当前: test_image_10.jpg | 预计剩余: 0秒 ✓ 完成

  ✓ 进度条组件工作正常!

============================================================
[测试5] 初始化向导
============================================================

[96m============================================================[0m
[96m                            环境检测                            [0m[96m============================================================[0m
  Python 版本                      [92m✓[0m 3.13.1
  PIL / Pillow                   [92m✓[0m 已安装
  pytesseract                    [92m✓[0m 已安装
  python-docx                    [92m✓[0m 已安装
  PyYAML                         [92m✓[0m 已安装
  requests                       [92m✓[0m 已安装
  tencentcloud-sdk-python        [91m✗[0m 未安装
  baidu-aip                      [91m✗[0m 未安装
[93m  [93m⚠[0m 
部分依赖未安装，部分功能可能无法使用[0m
[94m  [94mℹ[0m 安装依赖: pip install pillow pytesseract python-docx pyyaml requests[0m
  环境检测结果:
    Python 版本: ✓
    核心依赖: ✓
    所有检查通过!
  ✓ 初始化向导工作正常!

============================================================
[测试6] 交互确认模块
============================================================
  ✓ 交互确认模块工作正常!
    自动确认结果: 01_抗炎饮食与营养科普.md

============================================================
测试结果总结
============================================================
  ✓  OCR识别: 通过
  ✓  分类功能: 通过
  ✓  文档生成: 通过
  ✓  进度条组件: 通过
  ✓  初始化向导: 通过
  ✓  交互确认: 通过

============================================================
🎉 所有测试通过! 可以正常使用工具了。
============================================================
